[01:13:56 17/09] [SUCCESS] Bot đã BẬT (Chế độ Tự Động): Tự động nhận cược, cân chuyển và Ok lại cho khách.
[01:13:58 17/09] [INFO] Bot Telegram bắt đầu lắng nghe tin cược...
[01:14:19 17/09] [INFO] 🗑️ [Tự động xóa 36h] Đã xóa 16 tin nhắn cược trên Telegram.
[01:14:22 17/09] [INFO] Gửi chủ thầu 7715286942: Đề 55x2, 51x3, 00.12.15.16.47x4, 66x5, 54.83.87x6, 04.06.34.46.56.65.73.85.89x8, 81x9, 82x20, 86x23, 84x32 ; Lô 01.03.15.38.39.43.58.64.67.73.76.83.86.90x1, 09.59.87.97x2, 07.65x3, 71x9
[01:14:22 17/09] [INFO] Khách (@Zeng86): Đề 55x4, 51x6, 12.16.47x8, 15x9, 00x10, 66x11, 54x14, 83.87x15, 85.89x18, 04.06.34.46.56.65.73x20, 81x21, 82x35, 86x38, 84x47
Lô 01.03.15.38.39.43.58.67.73.76.83.86.90x1, 64x2, 09.59.87.97x3, 07.65x5, 71x15 (Đã chuyển thầu 7715286942, chờ thầu Ok mới nhắn khách...)
[01:14:32 17/09] [SUCCESS] Chủ thầu (@lalalew): Ok (đã xác nhận Ok toàn bộ)
[01:14:35 17/09] [SUCCESS] Khách (@Zeng86): Đề 55x4, 51x6, 12.16.47x8, 15x9, 00x10, 66x11, 54x14, 83.87x15, 85.89x18, 04.06.34.46.56.65.73x20, 81x21, 82x35, 86x38, 84x47
Lô 01.03.15.38.39.43.58.67.73.76.83.86.90x1, 64x2, 09.59.87.97x3, 07.65x5, 71x15 (Chủ thầu đã Ok -> Đã nhắn lại Ok tin 1)
[01:17:25 17/09] [INFO] Gửi chủ thầu 7715286942: Đề 14.16.17.30.34.49.62.68x2, 15.25.38.40.55.69.76x4, 56x7, 10.78x8, 87x14, 18x15, 92.98x35, 50x55, 05x65 ; Lô 10x2
[01:17:25 17/09] [INFO] Khách (@Zeng86): Lo 10=4. 
Đe 787=20. 34 68=5. 38 76 56 10=10. 05=80. 50=70. 55 25 15 10 69 40=10. 62 16 17 14 49 30=5. 92 98=50. 18=30.17:32 (Đã chuyển thầu 7715286942, chờ thầu Ok mới nhắn khách...)
[01:17:27 17/09] [SUCCESS] Chủ thầu (@lalalew): Ok (đã xác nhận Ok toàn bộ)
[01:17:30 17/09] [SUCCESS] Khách (@Zeng86): Lo 10=4. 
Đe 787=20. 34 68=5. 38 76 56 10=10. 05=80. 50=70. 55 25 15 10 69 40=10. 62 16 17 14 49 30=5. 92 98=50. 18=30.17:32 (Chủ thầu đã Ok -> Đã nhắn lại Ok tin 2)
[01:17:40 17/09] [SUCCESS] Đã BỎ QUA (không tính tiền) tin #1 của khách 1023927138 (Đã tự động hủy 1 bước chuyển thầu tương ứng). Đã cập nhật lại bảng cược & tiền thầu.
[21:46:05 17/09] [SUCCESS] Đã xóa vĩnh viễn tin treo #999
[21:46:05 17/09] [SUCCESS] Đã xóa vĩnh viễn tin nhắn gốc #1 của khách 123456
[21:46:05 17/09] [SUCCESS] Đã xóa vĩnh viễn tin nhắn gốc #1 của khách 123456
[21:46:20 17/09] [SUCCESS] 💾 Đã lưu trữ an toàn toàn bộ dữ liệu cược & chốt tiền ngày 2026-09-16 để tra cứu đối soát.
[22:01:22 17/09] [SUCCESS] 💾 Đã lưu trữ an toàn toàn bộ dữ liệu cược & chốt tiền ngày 2026-09-17 để tra cứu đối soát.
[22:17:14 17/09] [SUCCESS] 💾 Đã lưu trữ an toàn toàn bộ dữ liệu cược & chốt tiền ngày 2026-09-17 để tra cứu đối soát.
[22:17:14 17/09] [SUCCESS] 🎯 Đã chốt tiền thành công ngày 2026-09-17. Dữ liệu được bảo lưu và giữ nguyên trên màn hình đối soát đến 12h đêm.
[22:39:52 17/09] [SUCCESS] 📤 Đã gửi tin báo HỦY CƯỢC sang chủ thầu thau_tong_789:
Hủy tin (khách (@khach_vip) hủy tin #1 - Lần #1):
De 10=30k
[22:39:52 17/09] [SUCCESS] ✅ Đã hủy thành công tin #1 của khách (@khach_vip). Đã cập nhật lại bảng cược.
